------------------------------------------------------------
Timing Analyzer Summary
------------------------------------------------------------

Type  : Slow 1200mV 85C Model Setup 'clk'
Slack : -2.250
TNS   : -94.808

Type  : Slow 1200mV 85C Model Setup 'fsm:FSM|state.CHECK_LE'
Slack : -1.649
TNS   : -2.633

Type  : Slow 1200mV 85C Model Hold 'clk'
Slack : 0.331
TNS   : 0.000

Type  : Slow 1200mV 85C Model Hold 'fsm:FSM|state.CHECK_LE'
Slack : 0.892
TNS   : 0.000

Type  : Slow 1200mV 85C Model Minimum Pulse Width 'clk'
Slack : -3.000
TNS   : -104.426

Type  : Slow 1200mV 85C Model Minimum Pulse Width 'fsm:FSM|state.CHECK_LE'
Slack : 0.352
TNS   : 0.000

Type  : Slow 1200mV 0C Model Setup 'clk'
Slack : -1.942
TNS   : -77.891

Type  : Slow 1200mV 0C Model Setup 'fsm:FSM|state.CHECK_LE'
Slack : -1.414
TNS   : -2.231

Type  : Slow 1200mV 0C Model Hold 'clk'
Slack : 0.300
TNS   : 0.000

Type  : Slow 1200mV 0C Model Hold 'fsm:FSM|state.CHECK_LE'
Slack : 0.843
TNS   : 0.000

Type  : Slow 1200mV 0C Model Minimum Pulse Width 'clk'
Slack : -3.000
TNS   : -104.426

Type  : Slow 1200mV 0C Model Minimum Pulse Width 'fsm:FSM|state.CHECK_LE'
Slack : 0.416
TNS   : 0.000

Type  : Fast 1200mV 0C Model Setup 'clk'
Slack : -0.585
TNS   : -7.398

Type  : Fast 1200mV 0C Model Setup 'fsm:FSM|state.CHECK_LE'
Slack : -0.312
TNS   : -0.312

Type  : Fast 1200mV 0C Model Hold 'clk'
Slack : 0.152
TNS   : 0.000

Type  : Fast 1200mV 0C Model Hold 'fsm:FSM|state.CHECK_LE'
Slack : 0.382
TNS   : 0.000

Type  : Fast 1200mV 0C Model Minimum Pulse Width 'clk'
Slack : -3.000
TNS   : -88.725

Type  : Fast 1200mV 0C Model Minimum Pulse Width 'fsm:FSM|state.CHECK_LE'
Slack : 0.346
TNS   : 0.000

------------------------------------------------------------
