------------------------------------------------------------
Timing Analyzer Summary
------------------------------------------------------------

Type  : Slow 1200mV 85C Model Setup 'clk'
Slack : -4.511
TNS   : -71.987

Type  : Slow 1200mV 85C Model Setup 'fsm:FSM|state.DONE_STATE'
Slack : -3.570
TNS   : -3.844

Type  : Slow 1200mV 85C Model Setup 'button[1]'
Slack : -1.474
TNS   : -1.474

Type  : Slow 1200mV 85C Model Setup 'fsm:FSM|state.COMPUTE_FIB'
Slack : -0.388
TNS   : -0.388

Type  : Slow 1200mV 85C Model Hold 'fsm:FSM|state.COMPUTE_FIB'
Slack : 0.056
TNS   : 0.000

Type  : Slow 1200mV 85C Model Hold 'fsm:FSM|state.DONE_STATE'
Slack : 0.095
TNS   : 0.000

Type  : Slow 1200mV 85C Model Hold 'clk'
Slack : 0.332
TNS   : 0.000

Type  : Slow 1200mV 85C Model Hold 'button[1]'
Slack : 0.852
TNS   : 0.000

Type  : Slow 1200mV 85C Model Minimum Pulse Width 'clk'
Slack : -3.000
TNS   : -104.426

Type  : Slow 1200mV 85C Model Minimum Pulse Width 'button[1]'
Slack : -3.000
TNS   : -3.000

Type  : Slow 1200mV 85C Model Minimum Pulse Width 'fsm:FSM|state.DONE_STATE'
Slack : 0.372
TNS   : 0.000

Type  : Slow 1200mV 85C Model Minimum Pulse Width 'fsm:FSM|state.COMPUTE_FIB'
Slack : 0.374
TNS   : 0.000

Type  : Slow 1200mV 0C Model Setup 'clk'
Slack : -4.048
TNS   : -58.222

Type  : Slow 1200mV 0C Model Setup 'fsm:FSM|state.DONE_STATE'
Slack : -3.286
TNS   : -3.517

Type  : Slow 1200mV 0C Model Setup 'button[1]'
Slack : -1.138
TNS   : -1.138

Type  : Slow 1200mV 0C Model Setup 'fsm:FSM|state.COMPUTE_FIB'
Slack : -0.322
TNS   : -0.322

Type  : Slow 1200mV 0C Model Hold 'fsm:FSM|state.COMPUTE_FIB'
Slack : 0.031
TNS   : 0.000

Type  : Slow 1200mV 0C Model Hold 'fsm:FSM|state.DONE_STATE'
Slack : 0.077
TNS   : 0.000

Type  : Slow 1200mV 0C Model Hold 'clk'
Slack : 0.301
TNS   : 0.000

Type  : Slow 1200mV 0C Model Hold 'button[1]'
Slack : 0.731
TNS   : 0.000

Type  : Slow 1200mV 0C Model Minimum Pulse Width 'clk'
Slack : -3.000
TNS   : -104.426

Type  : Slow 1200mV 0C Model Minimum Pulse Width 'button[1]'
Slack : -3.000
TNS   : -3.000

Type  : Slow 1200mV 0C Model Minimum Pulse Width 'fsm:FSM|state.DONE_STATE'
Slack : 0.384
TNS   : 0.000

Type  : Slow 1200mV 0C Model Minimum Pulse Width 'fsm:FSM|state.COMPUTE_FIB'
Slack : 0.388
TNS   : 0.000

Type  : Fast 1200mV 0C Model Setup 'clk'
Slack : -1.664
TNS   : -7.420

Type  : Fast 1200mV 0C Model Setup 'fsm:FSM|state.DONE_STATE'
Slack : -1.457
TNS   : -1.457

Type  : Fast 1200mV 0C Model Setup 'button[1]'
Slack : -0.697
TNS   : -0.697

Type  : Fast 1200mV 0C Model Setup 'fsm:FSM|state.COMPUTE_FIB'
Slack : 0.105
TNS   : 0.000

Type  : Fast 1200mV 0C Model Hold 'fsm:FSM|state.COMPUTE_FIB'
Slack : 0.036
TNS   : 0.000

Type  : Fast 1200mV 0C Model Hold 'fsm:FSM|state.DONE_STATE'
Slack : 0.082
TNS   : 0.000

Type  : Fast 1200mV 0C Model Hold 'clk'
Slack : 0.153
TNS   : 0.000

Type  : Fast 1200mV 0C Model Hold 'button[1]'
Slack : 0.434
TNS   : 0.000

Type  : Fast 1200mV 0C Model Minimum Pulse Width 'clk'
Slack : -3.000
TNS   : -89.056

Type  : Fast 1200mV 0C Model Minimum Pulse Width 'button[1]'
Slack : -3.000
TNS   : -3.000

Type  : Fast 1200mV 0C Model Minimum Pulse Width 'fsm:FSM|state.COMPUTE_FIB'
Slack : 0.428
TNS   : 0.000

Type  : Fast 1200mV 0C Model Minimum Pulse Width 'fsm:FSM|state.DONE_STATE'
Slack : 0.440
TNS   : 0.000

------------------------------------------------------------
